// Vitest Snapshot v1, https://vitest.dev/guide/snapshot.html

exports[`SanityFile > allows injecting download params 1`] = `"<a href=\\"https://cdn.sanity.io/files/test-project/production/41773b5c55bc5414ab7554a75eefddf8e2e14524.txt?dl=myfile.txt\\">Click here to download</a>"`;

exports[`SanityFile > provides a valid renderless component 1`] = `"<a href=\\"https://cdn.sanity.io/files/test-project/production/41773b5c55bc5414ab7554a75eefddf8e2e14524.txt\\">Click here to read</a>"`;
