// Vitest Snapshot v1, https://vitest.dev/guide/snapshot.html

exports[`SanityContent > should render text blocks with marks 1`] = `"<p>Regular text and <strong>bold text</strong><em> and italic text</em></p>"`;

exports[`SanityContent > should render with PortableText 1`] = `""`;

exports[`SanityContent > should render with no props 1`] = `""`;

exports[`SanityContent with PortableText > should handle nested blocks correctly 1`] = `
"<div class="nested-block" _type="nestedBlock" _key="nested1">
  <h3>Nested Block Title</h3>
  <p>Nested block content goes here</p>
  <ul>
    <li>Item 1</li>
    <li>Item 2</li>
    <li>Item 3</li>
  </ul>
</div>"
`;

exports[`SanityContent with PortableText > should pass custom props to components correctly 1`] = `"<div class="custom-component" _type="customBlock" _key="test123">Props: test value, 42</div>"`;

exports[`SanityContent with PortableText > should render link marks with href correctly 1`] = `"<p>Visit <a href="https://example.com">our website</a> for more info.</p>"`;

exports[`SanityContent with PortableText > should render mixed content blocks consistently > portable-text-rendering 1`] = `
"<div class="custom-content" _type="customBlock" _key="custom1">Custom block content</div>
<h2><strong>Styled heading with marks</strong></h2>
<ul>
  <li>List item 1</li>
  <li><em>List item 2 with emphasis</em></li>
</ul>"
`;
